SBY  9:36:55 [build/formal/prove] Removing directory '/workspace/build/formal/prove'.
SBY  9:36:55 [build/formal/prove] Copy '/workspace/src/project.v' to '/workspace/build/formal/prove/src/project.v'.
SBY  9:36:55 [build/formal/prove] Copy '/workspace/formal/m0_gpio_formal.sv' to '/workspace/build/formal/prove/src/m0_gpio_formal.sv'.
SBY  9:36:55 [build/formal/prove] engine_0: smtbmc z3
SBY  9:36:55 [build/formal/prove] base: starting process "cd build/formal/prove/src; yosys -ql ../model/design.log ../model/design.ys"
SBY  9:36:55 [build/formal/prove] base: finished (returncode=0)
SBY  9:36:55 [build/formal/prove] prep: starting process "cd build/formal/prove/model; yosys -ql design_prep.log design_prep.ys"
SBY  9:36:55 [build/formal/prove] prep: finished (returncode=0)
SBY  9:36:55 [build/formal/prove] smt2: starting process "cd build/formal/prove/model; yosys -ql design_smt2.log design_smt2.ys"
SBY  9:36:55 [build/formal/prove] smt2: finished (returncode=0)
SBY  9:36:55 [build/formal/prove] engine_0.basecase: starting process "cd build/formal/prove; yosys-smtbmc -s z3 --presat --noprogress -t 10  --append 0 --dump-vcd engine_0/trace.vcd --dump-yw engine_0/trace.yw --dump-vlogtb engine_0/trace_tb.v --dump-smtc engine_0/trace.smtc model/design_smt2.smt2"
SBY  9:36:55 [build/formal/prove] engine_0.induction: starting process "cd build/formal/prove; yosys-smtbmc -s z3 --presat -i --noprogress -t 10  --append 0 --dump-vcd engine_0/trace_induct.vcd --dump-yw engine_0/trace_induct.yw --dump-vlogtb engine_0/trace_induct_tb.v --dump-smtc engine_0/trace_induct.smtc model/design_smt2.smt2"
SBY  9:36:55 [build/formal/prove] engine_0.basecase: ##   0:00:00  Solver: z3
SBY  9:36:55 [build/formal/prove] engine_0.induction: ##   0:00:00  Solver: z3
SBY  9:36:55 [build/formal/prove] engine_0.basecase: ##   0:00:00  Checking assumptions in step 0..
SBY  9:36:55 [build/formal/prove] engine_0.induction: ##   0:00:00  Trying induction in step 10..
SBY  9:36:55 [build/formal/prove] engine_0.basecase: ##   0:00:00  Checking assertions in step 0..
SBY  9:36:55 [build/formal/prove] engine_0.induction: ##   0:00:00  Trying induction in step 9..
SBY  9:36:55 [build/formal/prove] engine_0.basecase: ##   0:00:00  Checking assumptions in step 1..
SBY  9:36:55 [build/formal/prove] engine_0.induction: ##   0:00:00  Trying induction in step 8..
SBY  9:36:55 [build/formal/prove] engine_0.basecase: ##   0:00:00  Checking assertions in step 1..
SBY  9:36:55 [build/formal/prove] engine_0.basecase: ##   0:00:00  Checking assumptions in step 2..
SBY  9:36:55 [build/formal/prove] engine_0.basecase: ##   0:00:00  Checking assertions in step 2..
SBY  9:36:55 [build/formal/prove] engine_0.basecase: ##   0:00:00  Checking assumptions in step 3..
SBY  9:36:55 [build/formal/prove] engine_0.basecase: ##   0:00:00  Checking assertions in step 3..
SBY  9:36:55 [build/formal/prove] engine_0.basecase: ##   0:00:00  Checking assumptions in step 4..
SBY  9:36:55 [build/formal/prove] engine_0.induction: ##   0:00:00  Temporal induction successful.
SBY  9:36:55 [build/formal/prove] engine_0.basecase: ##   0:00:00  Checking assertions in step 4..
SBY  9:36:55 [build/formal/prove] engine_0.induction: ##   0:00:00  Status: passed
SBY  9:36:55 [build/formal/prove] engine_0.induction: finished (returncode=0)
SBY  9:36:55 [build/formal/prove] engine_0.induction: Status returned by engine for induction: pass
SBY  9:36:55 [build/formal/prove] engine_0.basecase: ##   0:00:00  Checking assumptions in step 5..
SBY  9:36:56 [build/formal/prove] engine_0.basecase: ##   0:00:00  Checking assertions in step 5..
SBY  9:36:56 [build/formal/prove] engine_0.basecase: ##   0:00:00  Checking assumptions in step 6..
SBY  9:36:56 [build/formal/prove] engine_0.basecase: ##   0:00:00  Checking assertions in step 6..
SBY  9:36:56 [build/formal/prove] engine_0.basecase: ##   0:00:00  Checking assumptions in step 7..
SBY  9:36:56 [build/formal/prove] engine_0.basecase: ##   0:00:00  Checking assertions in step 7..
SBY  9:36:56 [build/formal/prove] engine_0.basecase: ##   0:00:00  Checking assumptions in step 8..
SBY  9:36:56 [build/formal/prove] engine_0.basecase: ##   0:00:00  Checking assertions in step 8..
SBY  9:36:56 [build/formal/prove] engine_0.basecase: ##   0:00:00  Checking assumptions in step 9..
SBY  9:36:56 [build/formal/prove] engine_0.basecase: ##   0:00:00  Checking assertions in step 9..
SBY  9:36:56 [build/formal/prove] engine_0.basecase: ##   0:00:00  Status: passed
SBY  9:36:56 [build/formal/prove] engine_0.basecase: finished (returncode=0)
SBY  9:36:56 [build/formal/prove] engine_0.basecase: Status returned by engine for basecase: pass
SBY  9:36:56 [build/formal/prove] summary: Elapsed clock time [H:MM:SS (secs)]: 0:00:00 (0)
SBY  9:36:56 [build/formal/prove] summary: Elapsed process time [H:MM:SS (secs)]: 0:00:00 (0)
SBY  9:36:56 [build/formal/prove] summary: engine_0 (smtbmc z3) returned pass for basecase
SBY  9:36:56 [build/formal/prove] summary: engine_0 (smtbmc z3) returned pass for induction
SBY  9:36:56 [build/formal/prove] summary: engine_0 did not produce any traces
SBY  9:36:56 [build/formal/prove] summary: successful proof by k-induction.
SBY  9:36:56 [build/formal/prove] DONE (PASS, rc=0)
