python3 tools/check_project.py
PASS: metadata, pinout, source list, top module, clock target, Python syntax, immutable direct workflow refs, locked CI/physical inputs, research source/evaluation identities, learning entrypoint and Linux workspace ownership
LIMIT: no RTL simulation, HDL elaboration, IHP synthesis or physical verification performed by this check
python3 tools/learning_status.py --verify
PASS: learning milestones, evidence references, resources, statuses, and gate rules agree.
FALSIFICATION: PASS - an unearned active-milestone fluency promotion was rejected.
LIMIT: structural consistency cannot demonstrate a person's understanding.
python3 tools/m0_walkthrough.py --verify
PASS: archived M0 RTL, fast evidence, physical evidence and tool lock agree.
LIMIT: evidence consistency cannot demonstrate owner fluency or fabricated-silicon behaviour.
python3 -m unittest discover -s test -p 'test_m1_contract_model.py'
..................
----------------------------------------------------------------------
Ran 18 tests in 4.580s

OK
python3 -m unittest discover -s test -p 'test_uart_rx_oracle.py'
...
----------------------------------------------------------------------
Ran 3 tests in 3.902s

OK
python3 -m unittest discover -s test -p 'test_uart_rx_host_service.py'
...
----------------------------------------------------------------------
Ran 3 tests in 2.349s

OK
python3 -m unittest discover -s test -p 'test_waveform_provenance.py'
....
----------------------------------------------------------------------
Ran 4 tests in 0.006s

OK
python3 tools/collect_evidence.py
doctor: PASS
static: PASS
learning_status: PASS
lint: PASS
rtl_icarus: PASS
gl_harness_smoke: PASS
waveform_provenance: PASS
learning_waveform: PASS
rtl_verilator: PASS
formal: PASS
generic_synthesis: PASS
build/evidence/20261005T092252111242Z
