make[1]: Entering directory '/workspace'
rm -f build/m0-learning.vcd test/results-learning.xml
mkdir -p build
make -C test FST= LEARNING_VCD=yes SIM_BUILD=sim_build/icarus-learning COCOTB_RESULTS_FILE=results-learning.xml
make[2]: Entering directory '/workspace/test'
rm -f results-learning.xml
"make" -f Makefile results-learning.xml
make[3]: Entering directory '/workspace/test'
mkdir -p sim_build/icarus-learning
/usr/local/bin/iverilog -o sim_build/icarus-learning/sim.vvp -s tb -g2012 -DLEARNING_VCD -I/workspace/test/../src -f sim_build/icarus-learning/cmds.f  /workspace/test/../src/project.v /workspace/test/tb.v
rm -f results-learning.xml
COCOTB_TEST_MODULES=test COCOTB_TESTCASE= COCOTB_TEST_FILTER= COCOTB_TOPLEVEL=tb TOPLEVEL_LANG=verilog \
         /usr/local/bin/vvp -M /usr/local/lib/python3.11/site-packages/cocotb/libs -m libcocotbvpi_icarus   sim_build/icarus-learning/sim.vvp   
     -.--ns INFO     gpi                                ..mbed/gpi_embed.cpp:93   in _embed_init_python              Using Python 3.11.9 interpreter at /usr/local/bin/python
     -.--ns INFO     gpi                                ../gpi/GpiCommon.cpp:79   in gpi_print_registered_impl       VPI registered
     0.00ns INFO     cocotb                             Running on Icarus Verilog version 14.0 (devel)
     0.00ns INFO     cocotb                             Seeding Python random module with 1790334942
     0.00ns INFO     cocotb                             Initialized cocotb v2.0.1 from /usr/local/lib/python3.11/site-packages/cocotb
     0.00ns INFO     cocotb                             Running tests
     0.00ns INFO     cocotb.regression                  running test.reset_wrap_hold_and_resume (1/2)
 10720.00ns INFO     cocotb.regression                  test.reset_wrap_hold_and_resume passed
 10720.00ns INFO     cocotb.regression                  running test.seeded_control_and_input_noise (2/2)
 10720.00ns INFO     cocotb.tb                          seed=20260922
 31220.00ns INFO     cocotb.regression                  test.seeded_control_and_input_noise passed
 31220.00ns INFO     cocotb.regression                  *********************************************************************************************
                                                        ** TEST                                 STATUS  SIM TIME (ns)  REAL TIME (s)  RATIO (ns/s) **
                                                        *********************************************************************************************
                                                        ** test.reset_wrap_hold_and_resume       PASS       10720.00           0.05     206510.63  **
                                                        ** test.seeded_control_and_input_noise   PASS       20500.00           0.14     149114.90  **
                                                        *********************************************************************************************
                                                        ** TESTS=2 PASS=2 FAIL=0 SKIP=0                     31220.00           0.19     161746.21  **
                                                        *********************************************************************************************
VCD info: dumpfile ../build/m0-learning.vcd opened for output.
make[3]: Leaving directory '/workspace/test'
make[2]: Leaving directory '/workspace/test'
python3 tools/check_junit.py test/results-learning.xml
PASS: 2 test cases
python3 tools/m0_waveform_walkthrough.py build/m0-learning.vcd
M0 WAVEFORM WALKTHROUGH - read clock edges, not just a PASS label
===================================================================
Waveform: build/m0-learning.vcd
SHA-256: 3830ccf44b23226e19e2924d29260167a5f44066e62160e03559499f52fb685c
Rising edges checked against the M0 transition table: 1561
Falsification check: PASS - an intentionally corrupted count edge was rejected.

At each row, inputs are the values sampled on that rising clock edge.
event         time (ns) rst_n  ena  before  after  meaning
------------------------------------------------------------------------------
reset            10.000     0    0      --     00  reset forces 00
count 1          30.000     1    1      00     01  enabled edge adds one
count 2          50.000     1    1      01     02  enabled edge adds one
count 3          70.000     1    1      02     03  enabled edge adds one
wrap           5130.000     1    1      FF     00  8-bit FF rolls to 00
hold          10270.000     1    0      00     00  disabled edge preserves state
resume        10610.000     1    1      00     01  enable resumes counting
reset wins    10690.000     0    1      01     00  reset overrides enable

How to read one row:
  'hold' has rst_n=1 and ena=0, so the value after the edge equals the value before it.
  'reset wins' has rst_n=0 and ena=1, so reset still forces 00 because reset has priority.

What this establishes:
  The retained Icarus waveform matches the M0 reset/count/wrap/hold rules at every rising edge.
What this does NOT establish:
  It is the same finite simulation presented readably, not a new formal or physical proof.

TEACH-BACK PRACTICE
Choose one row and say: which inputs were sampled, whether the output changed, and why.
make[1]: Leaving directory '/workspace'
